▲ Next.js 16.1.6
- Local:         http://localhost:3060
- Network:       http://10.0.1.155:3060

✓ Starting...
✓ Ready in 246ms
▲ Next.js 16.1.6
- Local:         http://localhost:3060
- Network:       http://10.0.1.155:3060

✓ Starting...
✓ Ready in 234ms
▲ Next.js 16.1.6
- Local:         http://localhost:3060
- Network:       http://10.0.1.155:3060

✓ Starting...
✓ Ready in 2.1s
▲ Next.js 16.1.6
- Local:         http://localhost:3060
- Network:       http://10.0.1.155:3060

✓ Starting...
✓ Ready in 1004ms
▲ Next.js 16.1.6
- Local:         http://localhost:3060
- Network:       http://10.0.1.155:3060

✓ Starting...
✓ Ready in 201ms
▲ Next.js 16.1.6
- Local:         http://localhost:3060
- Network:       http://10.0.1.155:3060

✓ Starting...
✓ Ready in 200ms
